// Jest Snapshot v1, https://goo.gl/fbAQLP

exports[`FileDeleteButton.vue render 1`] = `<button class="btn btn-danger"><i class="medium material-icons">delete</i></button>`;
